// Jest Snapshot v1, https://goo.gl/fbAQLP

exports[`SeasonList displays list of seasons 1`] = `
<ul
  className="MuiList-root MuiList-padding"
/>
`;

exports[`SeasonList displays list of seasons 2`] = `
<ul
  className="MuiList-root MuiList-padding"
>
  <a
    href="/show/showname/Season 1"
    onClick={[Function]}
  >
    <li
      className="MuiListItem-root MuiListItem-default MuiListItem-gutters"
      disabled={false}
    >
      <div
        className="MuiListItemText-root"
      >
        <span
          className="MuiTypography-root MuiTypography-body1 MuiListItemText-primary"
        >
          Season 1
        </span>
      </div>
    </li>
  </a>
  <a
    href="/show/showname/Season 2"
    onClick={[Function]}
  >
    <li
      className="MuiListItem-root MuiListItem-default MuiListItem-gutters"
      disabled={false}
    >
      <div
        className="MuiListItemText-root"
      >
        <span
          className="MuiTypography-root MuiTypography-body1 MuiListItemText-primary"
        >
          Season 2
        </span>
      </div>
    </li>
  </a>
</ul>
`;
