// Jest Snapshot v1, https://goo.gl/fbAQLP

exports[`MediaList displays list of shows 1`] = `
<ul
  className="MuiList-root MuiList-padding"
>
  <a
    href="/show/show1"
    onClick={[Function]}
  >
    <li
      className="MuiListItem-root MuiListItem-default MuiListItem-gutters"
      disabled={false}
    >
      <div
        className="MuiListItemText-root"
      >
        <span
          className="MuiTypography-root MuiTypography-body1 MuiListItemText-primary"
        >
          show1
        </span>
      </div>
    </li>
  </a>
  <a
    href="/show/show2"
    onClick={[Function]}
  >
    <li
      className="MuiListItem-root MuiListItem-default MuiListItem-gutters"
      disabled={false}
    >
      <div
        className="MuiListItemText-root"
      >
        <span
          className="MuiTypography-root MuiTypography-body1 MuiListItemText-primary"
        >
          show2
        </span>
      </div>
    </li>
  </a>
</ul>
`;
