// Jest Snapshot v1, https://goo.gl/fbAQLP

exports[`MediaList displays list of shows 1`] = `
<ul
  className="MuiList-root-1 MuiList-padding-2"
>
  <a
    href="/show/show1"
    onClick={[Function]}
  >
    <li
      className="MuiListItem-root-5 MuiListItem-default-8 MuiListItem-gutters-13"
      disabled={false}
    >
      <div
        className="MuiListItemText-root-17"
      >
        <span
          className="MuiTypography-root-23 MuiTypography-subheading-30 MuiListItemText-primary-20"
        >
          show1
        </span>
      </div>
    </li>
  </a>
  <a
    href="/show/show2"
    onClick={[Function]}
  >
    <li
      className="MuiListItem-root-5 MuiListItem-default-8 MuiListItem-gutters-13"
      disabled={false}
    >
      <div
        className="MuiListItemText-root-17"
      >
        <span
          className="MuiTypography-root-23 MuiTypography-subheading-30 MuiListItemText-primary-20"
        >
          show2
        </span>
      </div>
    </li>
  </a>
</ul>
`;
