// Jest Snapshot v1, https://goo.gl/fbAQLP

exports[`PlayerControl shows human readable time 1`] = `
<header
  className="MuiPaper-root MuiPaper-elevation4 MuiAppBar-root MuiAppBar-positionFixed MuiAppBar-colorDefault mui-fixed undefined-appBar"
>
  <div
    className="MuiToolbar-root MuiToolbar-regular MuiToolbar-gutters"
  >
    <button
      className="MuiButtonBase-root MuiIconButton-root"
      disabled={false}
      onBlur={[Function]}
      onClick={[Function]}
      onContextMenu={[Function]}
      onFocus={[Function]}
      onKeyDown={[Function]}
      onKeyUp={[Function]}
      onMouseDown={[Function]}
      onMouseLeave={[Function]}
      onMouseUp={[Function]}
      onTouchEnd={[Function]}
      onTouchMove={[Function]}
      onTouchStart={[Function]}
      tabIndex="0"
      type="button"
    >
      <span
        className="MuiIconButton-label"
      >
        <span
          aria-hidden="true"
          className="material-icons MuiIcon-root"
        >
          pause
        </span>
      </span>
      <span
        className="MuiTouchRipple-root"
      />
    </button>
    <div>
      1:03
    </div>
    <div
      className="MuiSlider-root undefined-sliderRoot"
      onClick={[Function]}
      onMouseDown={[Function]}
      onTouchMove={[Function]}
      onTouchStartCapture={[Function]}
      variant="determinate"
    >
      <div
        className="MuiSlider-container"
      >
        <div
          className="MuiSlider-track undefined-sliderTrack MuiSlider-trackBefore"
          style={
            Object {
              "transform": "translateY(-50%) scaleX(0.09559939301972685)",
            }
          }
        />
        <div
          className="MuiSlider-thumbWrapper"
          style={
            Object {
              "transform": "translateX(9.559939301972685%)",
            }
          }
        >
          <button
            aria-orientation="horizontal"
            aria-valuemax={659}
            aria-valuemin={0}
            aria-valuenow={63}
            className="MuiButtonBase-root MuiSlider-thumb"
            onBlur={[Function]}
            onContextMenu={[Function]}
            onFocus={[Function]}
            onKeyDown={[Function]}
            onKeyUp={[Function]}
            onMouseDown={[Function]}
            onMouseLeave={[Function]}
            onMouseUp={[Function]}
            onTouchEnd={[Function]}
            onTouchMove={[Function]}
            onTouchStart={[Function]}
            onTouchStartCapture={[Function]}
            role="slider"
            tabIndex="0"
            type="button"
          />
        </div>
        <div
          className="MuiSlider-track undefined-sliderTrack MuiSlider-trackAfter"
          style={
            Object {
              "transform": "translateY(-50%) scaleX(0.9044006069802731)",
            }
          }
        />
      </div>
    </div>
    <div>
      10:59
    </div>
    <button
      className="MuiButtonBase-root MuiIconButton-root"
      disabled={false}
      onBlur={[Function]}
      onClick={[Function]}
      onContextMenu={[Function]}
      onFocus={[Function]}
      onKeyDown={[Function]}
      onKeyUp={[Function]}
      onMouseDown={[Function]}
      onMouseLeave={[Function]}
      onMouseUp={[Function]}
      onTouchEnd={[Function]}
      onTouchMove={[Function]}
      onTouchStart={[Function]}
      tabIndex="0"
      type="button"
    >
      <span
        className="MuiIconButton-label"
      >
        <span
          aria-hidden="true"
          className="material-icons MuiIcon-root"
        >
          stop
        </span>
      </span>
      <span
        className="MuiTouchRipple-root"
      />
    </button>
  </div>
</header>
`;

exports[`PlayerControls hides controls when showControls false 1`] = `null`;
